Modules list:
-------------
gamecode.o:
    CODE              Offs=000000  Size=004791  Align=00001  Fill=0000
    RODATA            Offs=000000  Size=000000  Align=00001  Fill=0000
    BSS               Offs=000000  Size=000000  Align=00001  Fill=0000
    DATA              Offs=000000  Size=000000  Align=00001  Fill=0000
    ZEROPAGE          Offs=000000  Size=000016  Align=00001  Fill=0000
    NULL              Offs=000000  Size=000000  Align=00001  Fill=0000


Segment list:
-------------
Name                   Start     End    Size  Align
----------------------------------------------------
BSS                   000000  000000  000000  00001
NULL                  000000  000000  000000  00001
RODATA                000000  000000  000000  00001
ZEROPAGE              000000  000015  000016  00001
CODE                  000205  004995  004791  00001
DATA                  004996  004996  000000  00001


Exports list by name:
---------------------
__CODE_LOAD__             000205  LA    __CODE_RUN__              000205  LA    
__CODE_SIZE__             004791  EA    __DATA_LOAD__             004996  LA    
__DATA_RUN__              004996  LA    __DATA_SIZE__             000000  EA    
__ZEROPAGE_LOAD__         000000  LA    __ZEROPAGE_RUN__          000000  LA    
__ZEROPAGE_SIZE__         000016  EA    


Exports list by value:
----------------------
__DATA_SIZE__             000000  EA    __ZEROPAGE_LOAD__         000000  LA    
__ZEROPAGE_RUN__          000000  LA    __ZEROPAGE_SIZE__         000016  EA    
__CODE_LOAD__             000205  LA    __CODE_RUN__              000205  LA    
__CODE_SIZE__             004791  EA    __DATA_LOAD__             004996  LA    
__DATA_RUN__              004996  LA    


Imports list:
-------------
__CODE_LOAD__ ([linker generated]):
__CODE_RUN__ ([linker generated]):
__CODE_SIZE__ ([linker generated]):
__DATA_LOAD__ ([linker generated]):
__DATA_RUN__ ([linker generated]):
__DATA_SIZE__ ([linker generated]):
__ZEROPAGE_LOAD__ ([linker generated]):
__ZEROPAGE_RUN__ ([linker generated]):
__ZEROPAGE_SIZE__ ([linker generated]):

