Modules list:
-------------
gamecode.o:
    CODE              Offs=000000  Size=0008D7  Align=00001  Fill=0000
    RODATA            Offs=000000  Size=000000  Align=00001  Fill=0000
    BSS               Offs=000000  Size=000000  Align=00001  Fill=0000
    DATA              Offs=000000  Size=000F6B  Align=00001  Fill=0000
    ZEROPAGE          Offs=000000  Size=00001A  Align=00001  Fill=0000
    NULL              Offs=000000  Size=000000  Align=00001  Fill=0000


Segment list:
-------------
Name                   Start     End    Size  Align
----------------------------------------------------
NULL                  000000  000000  000000  00001
ZEROPAGE              000000  000019  00001A  00001
CODE                  000205  000ADB  0008D7  00001
DATA                  000ADC  001A46  000F6B  00001
RODATA                000ADC  000ADC  000000  00001
BSS                   001A47  001A47  000000  00001


Exports list by name:
---------------------
__BSS_LOAD__              001A47  LA    __BSS_RUN__               001A47  LA    
__BSS_SIZE__              000000  EA    __CODE_LOAD__             000205  LA    
__CODE_RUN__              000205  LA    __CODE_SIZE__             0008D7  EA    
__DATA_LOAD__             000ADC  LA    __DATA_RUN__              000ADC  LA    
__DATA_SIZE__             000F6B  EA    __RAM_FILEOFFS__          000000  EA    
__RAM_LAST__              001A47  LA    __RAM_SIZE__              0075FB  EA    
__RAM_START__             000205  LA    __RODATA_LOAD__           000ADC  LA    
__RODATA_RUN__            000ADC  LA    __RODATA_SIZE__           000000  EA    
__STACKSIZE__             000800 REA    __STACKSTART__            008000 REA    
__ZEROPAGE_LOAD__         000000  LA    __ZEROPAGE_RUN__          000000  LA    
__ZEROPAGE_SIZE__         00001A  EA    __ZPSTART__               000000 REA    
__ZP_FILEOFFS__           000000  EA    __ZP_LAST__               00001A  LA    
__ZP_SIZE__               000040  EA    __ZP_START__              000000  LA    



Exports list by value:
----------------------
__BSS_SIZE__              000000  EA    __RAM_FILEOFFS__          000000  EA    
__RODATA_SIZE__           000000  EA    __ZEROPAGE_LOAD__         000000  LA    
__ZEROPAGE_RUN__          000000  LA    __ZPSTART__               000000 REA    
__ZP_FILEOFFS__           000000  EA    __ZP_START__              000000  LA    
__ZEROPAGE_SIZE__         00001A  EA    __ZP_LAST__               00001A  LA    
__ZP_SIZE__               000040  EA    __CODE_LOAD__             000205  LA    
__CODE_RUN__              000205  LA    __RAM_START__             000205  LA    
__STACKSIZE__             000800 REA    __CODE_SIZE__             0008D7  EA    
__DATA_LOAD__             000ADC  LA    __DATA_RUN__              000ADC  LA    
__RODATA_LOAD__           000ADC  LA    __RODATA_RUN__            000ADC  LA    
__DATA_SIZE__             000F6B  EA    __BSS_LOAD__              001A47  LA    
__BSS_RUN__               001A47  LA    __RAM_LAST__              001A47  LA    
__RAM_SIZE__              0075FB  EA    __STACKSTART__            008000 REA    



Imports list:
-------------
__BSS_LOAD__ ([linker generated]):
__BSS_RUN__ ([linker generated]):
__BSS_SIZE__ ([linker generated]):
__CODE_LOAD__ ([linker generated]):
__CODE_RUN__ ([linker generated]):
__CODE_SIZE__ ([linker generated]):
__DATA_LOAD__ ([linker generated]):
__DATA_RUN__ ([linker generated]):
__DATA_SIZE__ ([linker generated]):
__RAM_FILEOFFS__ ([linker generated]):
__RAM_LAST__ ([linker generated]):
__RAM_SIZE__ ([linker generated]):
__RAM_START__ ([linker generated]):
__RODATA_LOAD__ ([linker generated]):
__RODATA_RUN__ ([linker generated]):
__RODATA_SIZE__ ([linker generated]):
__STACKSIZE__ ([linker generated]):
    [linker generated]        cerberus.cfg:11
__STACKSTART__ ([linker generated]):
    [linker generated]        cerberus.cfg:11
__ZEROPAGE_LOAD__ ([linker generated]):
__ZEROPAGE_RUN__ ([linker generated]):
__ZEROPAGE_SIZE__ ([linker generated]):
__ZPSTART__ ([linker generated]):
    [linker generated]        cerberus.cfg:10
__ZP_FILEOFFS__ ([linker generated]):
__ZP_LAST__ ([linker generated]):
__ZP_SIZE__ ([linker generated]):
__ZP_START__ ([linker generated]):

